// Jest Snapshot v1, https://goo.gl/fbAQLP

exports[`signUp normal case render correctly with authState signedIn 1`] = `""`;

exports[`signUp render corrently with other authStates 1`] = `""`;

exports[`signUp render corrently with other authStates 2`] = `""`;

exports[`signUp render corrently with other authStates 3`] = `""`;

exports[`signUp render corrently with other authStates 4`] = `""`;

exports[`signUp render corrently with other authStates 5`] = `""`;

exports[`signUp render corrently with other authStates 6`] = `""`;

exports[`signUp render corrently with other authStates 7`] = `""`;

exports[`signUp render corrently with other authStates 8`] = `""`;
